Best score	Best model
-244.548	NC_000956
-244.548	NC_000956
-231.08	NC_000962
